In test.m, line 1
| % (c) Copyright 2019 Florian Schanda
| ^^^^^^^^^^^^^^^^^^^^^^^^^^^^^^^^^^^^ info: [SL] COMMENT '(c) Copyright 2019 Florian Schanda'
In test.m, line 1
| % (c) Copyright 2019 Florian Schanda
|                                     ^ info: NEWLINE
In test.m, line 2
| classdef test
| ^^^^^^^^ info: [SL] KEYWORD
In test.m, line 2
| classdef test
|          ^^^^ info: IDENTIFIER
In test.m, line 2
| classdef test
|              ^ info: NEWLINE
In test.m, line 3
|         %{
|         ^^ info: [SL] COMMENT '{'
In test.m, line 3
|         %{
|           ^ info: NEWLINE
test.m:4:0: info: [SL] NEWLINE
In test.m, line 5
| foo
| ^^^ info: [SL] COMMENT
In test.m, line 5
| foo
|    ^ info: NEWLINE
test.m:6:0: info: [SL] NEWLINE
In test.m, line 7
|         %}
| ^^^^^^^^^^ info: [SL] COMMENT '}'
In test.m, line 7
|         %}
|           ^ info: NEWLINE
In test.m, line 8
| end
| ^^^ info: [SL] KEYWORD
In test.m, line 8
| end
|    ^ info: NEWLINE
test.m: lexed OK
MISS_HIT Debug Summary: 1 file(s) analysed, everything seems fine
