In indexing.m, line 4
|     assert (b{(a. b1 + 1)} == 4);
|               ^ style: redundant parenthesis [redundant_brackets]
----------------------------------------------------------------------
--  Parse tree for indexing.m
Root: Function_File
  Functions: Function_Definition
    Signature: Function_Signature
      Name: Identifier <indexing>
    Body: Sequence_Of_Statements
      Statements: Simple_Assignment_Statement
        LHS: Identifier <b>
        RHS: Cell_Expression
          Content: Row_List
            Items: Row
              Items: Number_Literal <1>
              Items: Number_Literal <2>
              Items: Number_Literal <3>
              Items: Number_Literal <4>
              Items: Number_Literal <5>
      Statements: Naked_Expression_Statement
        Expression: Reference
          Name: Identifier <assert>
          Arguments: Binary_Operation ==
            LHS: Cell_Reference
              Name: Identifier <b>
              Arguments: Binary_Operation +
                LHS: Selection
                  Prefix: Identifier <a>
                  Field: Identifier <b1>
                RHS: Number_Literal <1>
            RHS: Number_Literal <4>
----------------------------------------------------------------------
MISS_HIT Debug Summary: 1 file(s) analysed, 1 style issue(s)
