----------------------------------------------------------------------
--  Parse tree for test_05.m
Root: Class_File
  Classdef: Class_Definition
    Name: Identifier <test_05>
    Methods: Methods Special_Block
      Items: Function_Definition
        Signature: Function_Signature
          Name: Identifier <end>
          Outputs: Identifier <e>
        Body: Sequence_Of_Statements
          Statements: Simple_Assignment_Statement
            LHS: Identifier <e>
            RHS: Number_Literal <0>
----------------------------------------------------------------------
MISS_HIT Debug Summary: 1 file(s) analysed, everything seems fine
