In test_04.m, line 5
|   properties(l)
|               ^ style: end statement with a semicolon [end_of_statements]
----------------------------------------------------------------------
--  Parse tree for test_04.m
Root: Function_File
  Functions: Function_Definition
    Signature: Function_Signature
      Name: Identifier <test_04>
      Outputs: Identifier <r>
    Body: Sequence_Of_Statements
      Statements: Simple_Assignment_Statement
        LHS: Identifier <l>
        RHS: Identifier <leek>
      Statements: Naked_Expression_Statement
        Expression: Reference
          Name: Identifier <properties>
          Arguments: Identifier <l>
----------------------------------------------------------------------
MISS_HIT Debug Summary: 1 file(s) analysed, 1 style issue(s)
