MISS_HIT Trace Summary: 1 file(s) analysed, everything seems fine
