In test_02.m, line 3
| disp potato
|      ^^^^^^ style: end statement with a semicolon [end_of_statements]
----------------------------------------------------------------------
--  Parse tree for test_02.m
Root: Script_File
  Statements: Sequence_Of_Statements
    Statements: Naked_Expression_Statement
      Expression: Command form Function_Call
        Name: Identifier <disp>
        Arguments: Char_Array_Literal 'potato'
----------------------------------------------------------------------
MISS_HIT Debug Summary: 1 file(s) analysed, 1 style issue(s)
