In invalid_10.m, line 5
|   x + 1  % ok, 6
|       ^ style: end statement with a semicolon [end_of_statements]
In invalid_10.m, line 6
|   x+ 1   % ok, 6
|      ^ style: end statement with a semicolon [end_of_statements]
In invalid_10.m, line 7
|   x+1    % ok, 6
|     ^ style: end statement with a semicolon [end_of_statements]
In invalid_10.m, line 8
|   x +1   % fail, because command syntax and x is not a function
|     ^^ style: end statement with a semicolon [end_of_statements]
----------------------------------------------------------------------
--  Parse tree for invalid_10.m
Root: Function_File
  Functions: Function_Definition
    Signature: Function_Signature
      Name: Identifier <invalid_10>
    Body: Sequence_Of_Statements
      Statements: Simple_Assignment_Statement
        LHS: Identifier <x>
        RHS: Number_Literal <5>
      Statements: Naked_Expression_Statement
        Expression: Binary_Operation +
          LHS: Identifier <x>
          RHS: Number_Literal <1>
      Statements: Naked_Expression_Statement
        Expression: Binary_Operation +
          LHS: Identifier <x>
          RHS: Number_Literal <1>
      Statements: Naked_Expression_Statement
        Expression: Binary_Operation +
          LHS: Identifier <x>
          RHS: Number_Literal <1>
      Statements: Naked_Expression_Statement
        Expression: Command form Function_Call
          Name: Identifier <x>
          Arguments: Char_Array_Literal '+1'
----------------------------------------------------------------------
MISS_HIT Debug Summary: 1 file(s) analysed, 4 style issue(s)
