In invalid_11.m, line 5
|   x + 1  %
|       ^ style: end statement with a semicolon [end_of_statements]
In invalid_11.m, line 6
|   x+ 1   %
|      ^ style: end statement with a semicolon [end_of_statements]
In invalid_11.m, line 7
|   x+1    % all fail because function handle + 1 doesn't work
|     ^ style: end statement with a semicolon [end_of_statements]
In invalid_11.m, line 8
|   x +1   % fail, because you can't use lambda function in command form
|     ^^ style: end statement with a semicolon [end_of_statements]
----------------------------------------------------------------------
--  Parse tree for invalid_11.m
Root: Function_File
  Functions: Function_Definition
    Signature: Function_Signature
      Name: Identifier <invalid_11>
    Body: Sequence_Of_Statements
      Statements: Simple_Assignment_Statement
        LHS: Identifier <x>
        RHS: Lambda_Function
          Parameters: Identifier <arg>
          Body: Identifier <arg>
      Statements: Naked_Expression_Statement
        Expression: Binary_Operation +
          LHS: Identifier <x>
          RHS: Number_Literal <1>
      Statements: Naked_Expression_Statement
        Expression: Binary_Operation +
          LHS: Identifier <x>
          RHS: Number_Literal <1>
      Statements: Naked_Expression_Statement
        Expression: Binary_Operation +
          LHS: Identifier <x>
          RHS: Number_Literal <1>
      Statements: Naked_Expression_Statement
        Expression: Command form Function_Call
          Name: Identifier <x>
          Arguments: Char_Array_Literal '+1'
----------------------------------------------------------------------
MISS_HIT Debug Summary: 1 file(s) analysed, 4 style issue(s)
