In test_01.m, line 16
|     foo kitten % kitten
|         ^^^^^^ style: end statement with a semicolon [end_of_statements]
In test_01.m, line 17
|     foo +kitten % +kitten
|         ^^^^^^^ style: end statement with a semicolon [end_of_statements]
----------------------------------------------------------------------
--  Parse tree for test_01.m
Root: Function_File
  Functions: Function_Definition
    Signature: Function_Signature
      Name: Identifier <test_01>
    Body: Sequence_Of_Statements
      Statements: Simple_Assignment_Statement
        LHS: Identifier <kitten>
        RHS: Number_Literal <12>
      Statements: Naked_Expression_Statement
        Expression: Reference
          Name: Identifier <foo>
          Arguments: Identifier <kitten>
      Statements: Naked_Expression_Statement
        Expression: Reference
          Name: Identifier <foo>
          Arguments: Identifier <kitten>
      Statements: Naked_Expression_Statement
        Expression: Command form Function_Call
          Name: Identifier <foo>
          Arguments: Char_Array_Literal 'kitten'
      Statements: Naked_Expression_Statement
        Expression: Command form Function_Call
          Name: Identifier <foo>
          Arguments: Char_Array_Literal '+kitten'
      Statements: Naked_Expression_Statement
        Expression: Command form Function_Call
          Name: Identifier <foo>
          Arguments: Char_Array_Literal 'kitten'
      Statements: Naked_Expression_Statement
        Expression: Command form Function_Call
          Name: Identifier <foo>
          Arguments: Char_Array_Literal '+kitten'
      Statements: Naked_Expression_Statement
        Expression: Command form Function_Call
          Name: Identifier <foo>
          Arguments: Char_Array_Literal 'kitten'
      Statements: Naked_Expression_Statement
        Expression: Command form Function_Call
          Name: Identifier <foo>
          Arguments: Char_Array_Literal '+kitten'
----------------------------------------------------------------------
MISS_HIT Debug Summary: 1 file(s) analysed, 2 style issue(s)
