In test_04.m, line 4
|   cd foo
|      ^^^ style: end statement with a semicolon [end_of_statements]
----------------------------------------------------------------------
--  Parse tree for test_04.m
Root: Function_File
  Functions: Function_Definition
    Signature: Function_Signature
      Name: Identifier <test_04>
    Body: Sequence_Of_Statements
      Statements: Naked_Expression_Statement
        Expression: Command form Function_Call
          Name: Identifier <cd>
          Arguments: Char_Array_Literal 'foo'
----------------------------------------------------------------------
MISS_HIT Debug Summary: 1 file(s) analysed, 1 style issue(s)
