MISS_HIT configuration file
  Language: MATLAB (MATLAB 2021a)
  Language: Octave (Octave 4.4)
  Language: MATLAB 2017b (MATLAB 2017b)
  Language: MATLAB 2018a (MATLAB 2017b)
  Language: MATLAB 2018b (MATLAB 2017b)
  Language: MATLAB 2019a (MATLAB 2017b)
  Language: MATLAB 2019b (MATLAB 2017b)
  Language: MATLAB 2020a (MATLAB 2017b)
  Language: MATLAB 2020b (MATLAB 2020b)
  Language: MATLAB 2021a (MATLAB 2021a)
  Language: MATLAB 2021b (MATLAB 2021a)
  Language: MATLAB 2022a (MATLAB 2021a)
  Language: Octave 4.2 (Octave 4.2)
  Language: Octave 4.3 (Octave 4.2)
  Language: Octave 4.4 (Octave 4.4)
  Language: Octave 5.1 (Octave 4.4)
  Language: Octave 5.2 (Octave 4.4)
  Language: Octave 6.1 (Octave 4.4)
  Language: Octave 6.2 (Octave 4.4)
  Language: Octave 6.3 (Octave 4.4)
  Language: Octave 6.4 (Octave 4.4)
  Language: Octave 7.1 (Octave 4.4)
  Language: Octave 7.2 (Octave 4.4)
MISS_HIT Debug Summary: 1 file(s) analysed, everything seems fine
