In regression2.m, line 4
|     persistent y z, if isempty(y), y = 42; end
|                   ^ style: end this with just a newline [end_of_statements]
In regression2.m, line 4
|     persistent y z, if isempty(y), y = 42; end
|                                  ^ style: end this with just a newline [end_of_statements]
In regression2.m, line 4
|     persistent y z, if isempty(y), y = 42; end
|                                          ^ style: end statement with a newline [end_of_statements]
----------------------------------------------------------------------
--  Parse tree for regression2.m
Root: Function_File
  Functions: Function_Definition
    Signature: Function_Signature
      Name: Identifier <regression2>
      Outputs: Identifier <x>
    Body: Sequence_Of_Statements
      Statements: Persistent_Statement
        Names: Identifier <y>
        Names: Identifier <z>
      Statements: If_Statement
        Action: If Action
          Guard: Reference
            Name: Identifier <isempty>
            Arguments: Identifier <y>
          Body: Sequence_Of_Statements
            Statements: Simple_Assignment_Statement
              LHS: Identifier <y>
              RHS: Number_Literal <42>
      Statements: Simple_Assignment_Statement
        LHS: Identifier <x>
        RHS: Identifier <y>
----------------------------------------------------------------------
MISS_HIT Debug Summary: 1 file(s) analysed, 3 style issue(s)
