In regression3.m, line 3
| try(disp(5));
| ^^^ style: end statement with a newline [end_of_statements]
In regression3.m, line 3
| try(disp(5));
|    ^ style: redundant parenthesis [redundant_brackets]
----------------------------------------------------------------------
--  Parse tree for regression3.m
Root: Script_File
  Statements: Sequence_Of_Statements
    Statements: Try_Statement
      Body: Sequence_Of_Statements
        Statements: Naked_Expression_Statement
          Expression: Reference
            Name: Identifier <disp>
            Arguments: Number_Literal <5>
        Statements: Naked_Expression_Statement
          Expression: Reference
            Name: Identifier <disp>
            Arguments: Number_Literal <6>
----------------------------------------------------------------------
MISS_HIT Debug Summary: 1 file(s) analysed, 2 style issue(s)
