In regression4.m, line 3
| [x,y] = (size(1));
|         ^ style: redundant parenthesis [redundant_brackets]
----------------------------------------------------------------------
--  Parse tree for regression4.m
Root: Script_File
  Statements: Sequence_Of_Statements
    Statements: Compound_Assignment_Statement
      LHS: Identifier <x>
      LHS: Identifier <y>
      RHS: Reference
        Name: Identifier <size>
        Arguments: Number_Literal <1>
----------------------------------------------------------------------
MISS_HIT Debug Summary: 1 file(s) analysed, 1 style issue(s)
