In test_continuations.m, line 4
|    baz
|    ^^^ style: end statement with a semicolon [end_of_statements]
In test_continuations.m, line 8
|    baz
|    ^^^ style: end statement with a semicolon [end_of_statements]
In test_continuations.m, line 12
|    baz
|    ^^^ style: end statement with a semicolon [end_of_statements]
In test_continuations.m, line 16
|    baz
|    ^^^ style: end statement with a semicolon [end_of_statements]
----------------------------------------------------------------------
--  Parse tree for test_continuations.m
Root: Script_File
  Statements: Sequence_Of_Statements
    Statements: Naked_Expression_Statement
      Expression: Command form Function_Call
        Name: Identifier <d2>
        Arguments: Char_Array_Literal 'foo'
        Arguments: Char_Array_Literal 'baz'
    Statements: Naked_Expression_Statement
      Expression: Command form Function_Call
        Name: Identifier <d2>
        Arguments: Char_Array_Literal 'foo'
        Arguments: Char_Array_Literal 'baz'
    Statements: Naked_Expression_Statement
      Expression: Command form Function_Call
        Name: Identifier <d2>
        Arguments: Char_Array_Literal ']foo'
        Arguments: Char_Array_Literal 'baz'
    Statements: Naked_Expression_Statement
      Expression: Command form Function_Call
        Name: Identifier <d2>
        Arguments: Char_Array_Literal ']foo '
        Arguments: Char_Array_Literal 'baz'
----------------------------------------------------------------------
MISS_HIT Debug Summary: 1 file(s) analysed, 4 style issue(s)
