In commands.m, line 1
| debugprint ðŸ¥”
|            ^ style: end statement with a semicolon [end_of_statements]
In commands.m, line 2
| debugprint 'ðŸ¥”'
|            ^^^ style: end statement with a semicolon [end_of_statements]
----------------------------------------------------------------------
--  Parse tree for commands.m
Root: Script_File
  Statements: Sequence_Of_Statements
    Statements: Naked_Expression_Statement
      Expression: Command form Function_Call
        Name: Identifier <debugprint>
        Arguments: Char_Array_Literal 'ðŸ¥”'
    Statements: Naked_Expression_Statement
      Expression: Command form Function_Call
        Name: Identifier <debugprint>
        Arguments: Char_Array_Literal 'ðŸ¥”'
----------------------------------------------------------------------
MISS_HIT Debug Summary: 1 file(s) analysed, 2 style issue(s)
