MISS_HIT Trace Summary: 4 file(s) analysed, everything seems fine
