In test_07.m, line 1
| % (c) Copyright 2019 Florian Schanda
| ^^^^^^^^^^^^^^^^^^^^^^^^^^^^^^^^^^^^ info: [SL] COMMENT '(c) Copyright 2019 Florian Schanda'
In test_07.m, line 1
| % (c) Copyright 2019 Florian Schanda
|                                     ^ info: NEWLINE
In test_07.m, line 3
| % Octave: 1
| ^^^^^^^^^^^ info: [SL] COMMENT 'Octave: 1'
In test_07.m, line 3
| % Octave: 1
|            ^ info: NEWLINE
In test_07.m, line 5
| disp("1");
| ^^^^ info: [SL] IDENTIFIER
In test_07.m, line 5
| disp("1");
|     ^ info: BRA
In test_07.m, line 5
| disp("1");
|      ^^^ info: STRING '1'
In test_07.m, line 5
| disp("1");
|         ^ info: KET
In test_07.m, line 5
| disp("1");
|          ^ info: SEMICOLON
In test_07.m, line 5
| disp("1");
|           ^ info: [S ] NEWLINE
In test_07.m, line 6
| %{
| ^^ info: [SL] COMMENT '{'
In test_07.m, line 6
| %{
|   ^ info: NEWLINE
In test_07.m, line 7
|   disp("2");
| ^^^^^^^^^^^^ info: [SL] COMMENT 'disp("2");'
In test_07.m, line 7
|   disp("2");
|             ^ info: NEWLINE
In test_07.m, line 8
|   %{
| ^^^^ info: [SL] COMMENT '%{'
In test_07.m, line 8
|   %{
|     ^ info: NEWLINE
In test_07.m, line 9
|     disp("3");
| ^^^^^^^^^^^^^^ info: [SL] COMMENT 'disp("3");'
In test_07.m, line 9
|     disp("3");
|               ^ info: NEWLINE
In test_07.m, line 10
|   %} potato
| ^^^^^^^^^^^ info: [SL] COMMENT '%} potato'
In test_07.m, line 10
|   %} potato
|            ^ info: NEWLINE
In test_07.m, line 11
|   disp("4");
| ^^^^^^^^^^^^ info: [SL] COMMENT 'disp("4");'
In test_07.m, line 11
|   disp("4");
|             ^ info: NEWLINE
In test_07.m, line 12
| %}
| ^^ info: [SL] COMMENT '}'
In test_07.m, line 12
| %}
|   ^ info: NEWLINE
In test_07.m, line 13
| disp("5");
| ^^^^^^^^^^ info: [SL] COMMENT
In test_07.m, line 13
| disp("5");
|           ^ info: NEWLINE
test_07.m: lexed OK
MISS_HIT Debug Summary: 1 file(s) analysed, everything seems fine
