Using the following PATH:
> .
Symbol table for +foo/Potato.m with 1 active scopes:
=== Level 1 ===
Symbol table for Kitten.m with 1 active scopes:
=== Level 1 ===
script.m: check (high): this file shadows built-in script which is very naughty [builtin_shadow]
Symbol table for script.m with 1 active scopes:
=== Level 1 ===
Symbol table for test.m with 1 active scopes:
=== Level 1 ===
MISS_HIT Lint Summary: 4 file(s) analysed, 1 check(s)
