----------------------------------------------------------------------
--  Parse tree for test_33.m
Root: Function_File
  Functions: Function_Definition
    Signature: Function_Signature
      Name: Identifier <my_function>
      Inputs: Identifier <A>
      Inputs: Identifier <B>
      Inputs: Identifier <C>
      Outputs: Identifier <out>
    Validation: Arguments Special_Block
      Items: Entity_Constraints
        Dimension 1 constraint: 1
        Dimension 2 constraint: 1
        Name: Identifier <A>
        Class: Identifier <string>
      Items: Entity_Constraints
        Dimension 1 constraint: 1
        Dimension 2 constraint: COLON
        Name: Identifier <B>
        Class: Identifier <double>
      Items: Entity_Constraints
        Dimension 1 constraint: 1
        Dimension 2 constraint: 4
        Name: Identifier <C>
        Class: Identifier <cell>
    Body: Sequence_Of_Statements
----------------------------------------------------------------------
MISS_HIT Debug Summary: 1 file(s) analysed, everything seems fine
