In test_1.m, line 1
| 1 != 2
|      ^ style: end statement with a semicolon [end_of_statements]
----------------------------------------------------------------------
--  Parse tree for test_1.m
Root: Script_File
  Statements: Sequence_Of_Statements
    Statements: Naked_Expression_Statement
      Expression: Binary_Operation !=
        LHS: Number_Literal <1>
        RHS: Number_Literal <2>
----------------------------------------------------------------------
MISS_HIT Debug Summary: 1 file(s) analysed, 1 style issue(s)
